The active tab is tab 1




ooo
j
zzz

The active tab is tab 1




oo
b
x

The active tab is tab 3
ll
n
c





oo
b
x

l
j
ddd

The active tab is tab 2
ll
n
c

oo
b
x

xxx
dd
p

l
j
ddd

s
nnn
uu

The active tab is tab 1
ll
n
c

oo
b
x

l
j
ddd

w
iii
fff

p
dd
p

The active tab is tab 1
ll
n
c

oo
b
x

l
j
ddd

w
iii
fff

p
dd
p

The active tab is tab 1
ll
n
c

l
j
ddd

w
iii
fff

p
dd
p

The active tab is tab 2
ll
n
c

l
j
ddd

nn
ooo
i

w
iii
fff

p
dd
p

The active tab is tab 2
ll
n
c

l
j
ddd

nn
ooo
i

w
iii
fff

p
dd
p

The active tab is tab 2
ll
n
c

l
j
ddd

w
iii
fff

p
dd
p

The active tab is tab 3
ll
n
c

l
j
ddd

w
iii
fff

l
k
jjj

p
dd
p

The active tab is tab 2
ll
n
c

l
j
ddd

l
k
jjj

The active tab is tab 2
ll
n
c

l
j
ddd

l
k
jjj

