The active tab is tab 0




The active tab is tab 0




Window is empty
The list is empty.
Window is empty
The list is empty.
Window is empty
The list is empty.
Window is empty
The list is empty.
The active tab is tab 2
mmm
ddd
i

nnn
jj
n

yy
f
c

The active tab is tab 3
mmm
ddd
i

sss
p
aa

nnn
jj
n

yy
f
c

The active tab is tab 5
mmm
ddd
i

sss
p
aa

nnn
jj
n

yy
f
c

pp
h
l

zzz
tt
yy

The active tab is tab 5
mmm
ddd
i

sss
p
aa

nnn
jj
n

yy
f
c

pp
h
l

zzz
tt
yy

The active tab is tab 0
mmm
ddd
i

sss
p
aa

nnn
jj
n

yy
f
c

pp
h
l

The active tab is tab 0
nn
n
ooo

sss
p
aa

nnn
jj
n

yy
f
c

mmm
ddd
i

pp
h
l

The active tab is tab 0
nn
n
ooo

sss
p
aa

nnn
jj
n

yy
f
c

mmm
ddd
i

pp
h
l

The active tab is tab 3
nn
n
ooo

sss
p
aa

nnn
jj
n

yy
f
c

mmm
ddd
i

pp
h
l

The active tab is tab 3
nn
n
ooo

sss
p
aa

nnn
jj
n

yy
f
c

mmm
ddd
i

pp
h
l

The active tab is tab 4
nn
n
ooo

sss
p
aa

nnn
jj
n

yy
f
c

mmm
ddd
i

pp
h
l

The active tab is tab 4
nn
n
ooo

sss
p
aa

nnn
jj
n

yy
f
c

cc
uuu
v

The active tab is tab 3
nn
n
ooo

sss
p
aa

nnn
jj
n

yy
f
c

