Window is empty
The list is empty.
Window is empty
The list is empty.
The active tab is tab 1
aa
ppp
ddd

i
u
aaa

The active tab is tab 2
aa
ppp
ddd

lll
c
k

gg
v
ddd

The active tab is tab 3
aa
ppp
ddd

lll
c
k

gg
v
ddd

a
e
j

The active tab is tab 3
aa
ppp
ddd

lll
c
k

gg
v
ddd

a
e
j

The active tab is tab 3
aa
ppp
ddd

lll
c
k

gg
v
ddd

a
e
j

The active tab is tab 0
aa
ppp
ddd

lll
c
k

gg
v
ddd

a
e
j

The active tab is tab 1
lll
c
k

aa
ppp
ddd

gg
v
ddd

a
e
j

The active tab is tab 1
aa
ppp
ddd

lll
c
k

hh
ee
fff

gg
v
ddd

a
e
j

The active tab is tab 2
aa
ppp
ddd

hh
ee
fff

zz
rr
e

gg
v
ddd

a
e
j

The active tab is tab 1
aa
ppp
ddd

d
e
a

hh
ee
fff

zz
rr
e

gg
v
ddd

The active tab is tab 1
aa
ppp
ddd

d
e
a

hh
ee
fff

zz
rr
e

gg
v
ddd

The active tab is tab 3
aa
ppp
ddd

hh
ee
fff

zz
rr
e

vvv
uu
rr

The active tab is tab 4
aa
ppp
ddd

hh
ee
fff

zz
rr
e

vvv
uu
rr

bbb
jjj
ttt

