The active tab is tab 0
u
rrr
x

The active tab is tab 0
u
rrr
x

The active tab is tab 2
u
rrr
x

ii
ii
z

hhh
yyy
zz

The active tab is tab 3
u
rrr
x

ii
ii
z

hhh
yyy
zz

q
g
yyy

The active tab is tab 2
u
rrr
x

ii
ii
z

q
g
yyy

hhh
yyy
zz

The active tab is tab 6
u
rrr
x

ii
ii
z

q
g
yyy

ppp
s
mmm

ii
ii
i

rrr
uu
yy

dd
a
aaa

The active tab is tab 1
ii
ii
z

q
g
yyy

ppp
s
mmm

ii
ii
i

rrr
uu
yy

dd
a
aaa

u
rrr
x

f
x
t

The active tab is tab 2
ii
ii
z

ppp
s
mmm

rrr
uu
yy

dd
a
aaa

u
rrr
x

f
x
t

The active tab is tab 0
ii
ii
z

ppp
s
mmm

