The active tab is tab 0




The active tab is tab 2




ttt
cc
p

ff
aaa
hhh

The active tab is tab 2




ttt
cc
p

ff
aaa
hhh

The active tab is tab 0




The active tab is tab 3




z
oo
n

s
z
bbb

uu
t
j

The active tab is tab 3




z
oo
n

s
z
bbb

uu
t
j

The active tab is tab 3




z
oo
n

s
z
bbb

uu
t
j

The active tab is tab 3
uu
t
j

www
j
qq

z
iii
o

xxx
p
x





z
oo
n

s
z
bbb

The active tab is tab 3
www
j
qq

e
hhh
p

z
iii
o

xxx
p
x





z
oo
n

s
z
bbb

The active tab is tab 0
www
j
qq

e
hhh
p

z
iii
o

xxx
p
x





z
oo
n

s
z
bbb

The active tab is tab 0
www
j
qq

e
hhh
p

z
iii
o

xxx
p
x





z
oo
n

s
z
bbb

The active tab is tab 5
e
hhh
p

z
iii
o

xxx
p
x





z
oo
n

a
uuu
ggg

s
z
bbb

The active tab is tab 1
e
hhh
p

a
uuu
ggg

z
iii
o

xxx
p
x





z
oo
n

s
z
bbb

The active tab is tab 1
e
hhh
p

a
uuu
ggg

z
iii
o

xxx
p
x





z
oo
n

s
z
bbb

The active tab is tab 2
e
hhh
p

a
uuu
ggg

j
www
oo

z
iii
o

xxx
p
x





z
oo
n

s
z
bbb

The active tab is tab 2
e
hhh
p

a
uuu
ggg

j
www
oo

z
iii
o

xxx
p
x





z
oo
n

s
z
bbb

The active tab is tab 2
e
hhh
p

a
uuu
ggg

j
www
oo

z
iii
o

xxx
p
x





z
oo
n

s
z
bbb

The active tab is tab 4
e
hhh
p

a
uuu
ggg

j
www
oo

tt
q
l

z
iii
o

l
t
n

xxx
p
x





z
oo
n

s
z
bbb

The active tab is tab 4
e
hhh
p

a
uuu
ggg

j
www
oo

tt
q
l

z
iii
o

l
t
n

xxx
p
x





z
oo
n

s
z
bbb

The active tab is tab 5
e
hhh
p

a
uuu
ggg

j
www
oo

tt
q
l

l
t
n

rr
vvv
ee

xxx
p
x





z
oo
n

s
z
bbb

