The active tab is tab 0




The active tab is tab 0
w
o
rr

mmm
r
oo

mmm
ss
k

aaa
ddd
nnn

xxx
aaa
p

k
xx
r

The active tab is tab 3
ppp
a
ttt

xxx
aaa
p

k
xx
r

mmm
x
a

mmm
ss
k

mmm
r
oo

aaa
ddd
nnn

w
o
rr

The active tab is tab 4
ppp
a
ttt

xxx
aaa
p

k
xx
r

mmm
x
a

g
ll
ss

mmm
ss
k

mmm
r
oo

aaa
ddd
nnn

w
o
rr

The active tab is tab 4
ppp
a
ttt

xxx
aaa
p

k
xx
r

mmm
x
a

g
ll
ss

mmm
ss
k

mmm
r
oo

aaa
ddd
nnn

w
o
rr

The active tab is tab 4
ppp
a
ttt

xxx
aaa
p

k
xx
r

mmm
x
a

g
ll
ss

mmm
ss
k

mmm
r
oo

aaa
ddd
nnn

w
o
rr

The active tab is tab 3
ee
i
hh

g
ll
ss

mmm
ss
k

xxx
aaa
p

mmm
r
oo

mmm
x
a

aaa
ddd
nnn

w
o
rr

