The active tab is tab 1
rr
kkk
kk

ddd
ss
mm

mm
u
ll

ww
hhh
uu

e
l
gg

bbb
www
aa

uuu
ss
ll

aaa
bb
l

jjj
kkk
ll





hhh
o
qq

The active tab is tab 0




o
x
w

zzz
f
oo

tt
uuu
ww

cc
zz
rr

v
zz
ll

The active tab is tab 1
l
tt
e

fff
cc
m

c
d
ggg

ee
nn
gg





yyy
g
u

i
z
f

The active tab is tab 1




ww
hhh
uu

ii
f
gg

ww
uuu
gg

ccc
kkk
nn

q
bbb
o

ii
ddd
v

The active tab is tab 31




l
tt
e

fff
cc
m

c
d
ggg

ee
nn
gg





yyy
g
u

i
z
f

rr
kkk
kk

ddd
ss
mm

mm
u
ll

ww
hhh
uu

e
l
gg

bbb
www
aa

uuu
ss
ll

aaa
bb
l

jjj
kkk
ll





hhh
o
qq





o
x
w

zzz
f
oo

tt
uuu
ww

cc
zz
rr

v
zz
ll





ww
hhh
uu

ii
f
gg

ww
uuu
gg

ccc
kkk
nn

q
bbb
o

ii
ddd
v

Window is empty
The list is empty.
Window is empty
The list is empty.
Window is empty
The list is empty.
Window is empty
The list is empty.
The active tab is tab 0




The active tab is tab 31




l
tt
e

fff
cc
m

c
d
ggg

ee
nn
gg





yyy
g
u

i
z
f

rr
kkk
kk

ddd
ss
mm

mm
u
ll

ww
hhh
uu

e
l
gg

bbb
www
aa

uuu
ss
ll

aaa
bb
l

jjj
kkk
ll





hhh
o
qq





o
x
w

zzz
f
oo

tt
uuu
ww

cc
zz
rr

v
zz
ll





ww
hhh
uu

ii
f
gg

ww
uuu
gg

ccc
kkk
nn

q
bbb
o

ii
ddd
v

Window is empty
The list is empty.
Window is empty
The list is empty.
Window is empty
The list is empty.
Window is empty
The list is empty.
The active tab is tab 32








l
tt
e

fff
cc
m

c
d
ggg

ee
nn
gg





yyy
g
u

i
z
f

rr
kkk
kk

ddd
ss
mm

mm
u
ll

ww
hhh
uu

e
l
gg

bbb
www
aa

uuu
ss
ll

aaa
bb
l

jjj
kkk
ll





hhh
o
qq





o
x
w

zzz
f
oo

tt
uuu
ww

cc
zz
rr

v
zz
ll





ww
hhh
uu

ii
f
gg

ww
uuu
gg

ccc
kkk
nn

q
bbb
o

ii
ddd
v

The active tab is tab 0




The active tab is tab 32








l
tt
e

fff
cc
m

c
d
ggg

ee
nn
gg





yyy
g
u

i
z
f

rr
kkk
kk

ddd
ss
mm

mm
u
ll

ww
hhh
uu

e
l
gg

bbb
www
aa

uuu
ss
ll

aaa
bb
l

jjj
kkk
ll





hhh
o
qq





o
x
w

zzz
f
oo

tt
uuu
ww

cc
zz
rr

v
zz
ll





ww
hhh
uu

ii
f
gg

ww
uuu
gg

ccc
kkk
nn

q
bbb
o

ii
ddd
v

Window is empty
The list is empty.
The active tab is tab 0




Window is empty
The list is empty.
The active tab is tab 0




Window is empty
The list is empty.
The active tab is tab 0




Window is empty
The list is empty.
The active tab is tab 0




Window is empty
The list is empty.
The active tab is tab 0




The active tab is tab 0




The active tab is tab 0




The active tab is tab 0




Window is empty
The list is empty.
Window is empty
The list is empty.
Window is empty
The list is empty.
Window is empty
The list is empty.
Window is empty
The list is empty.
Window is empty
The list is empty.
The active tab is tab 0




The active tab is tab 0




The active tab is tab 0




The active tab is tab 0




The active tab is tab 0




The active tab is tab 0




The active tab is tab 1








The active tab is tab 0




The active tab is tab 0




The active tab is tab 0




