The active tab is tab 0




The active tab is tab 3
ttt
hhh
eee

dd
oo
rrr

q
qqq
gg





The active tab is tab 3
www
j
sss

lll
ee
u

b
zzz
pp

l
x
qq

j
ff
s





jj
d
vvv

sss
mm
u

rrr
yy
lll

kk
ppp
ccc

The active tab is tab 5
zzz
s
iii

ll
f
vvv

ss
k
nnn

uuu
ll
dd

bbb
e
cc





ee
tt
c

The active tab is tab 5
a
yyy
lll

p
sss
xx

yy
ss
rr

f
uu
hh





eee
aa
ll

fff
ee
jjj

e
sss
qqq

n
k
jjj

The active tab is tab 0




The active tab is tab 3
ttt
hhh
eee

dd
oo
rrr

q
qqq
gg





The active tab is tab 3
www
j
sss

lll
ee
u

b
zzz
pp

l
x
qq

j
ff
s





jj
d
vvv

sss
mm
u

rrr
yy
lll

kk
ppp
ccc

The active tab is tab 5
zzz
s
iii

ll
f
vvv

ss
k
nnn

uuu
ll
dd

bbb
e
cc





ee
tt
c

The active tab is tab 5
a
yyy
lll

p
sss
xx

yy
ss
rr

f
uu
hh





eee
aa
ll

fff
ee
jjj

e
sss
qqq

n
k
jjj

The active tab is tab 3
ttt
hhh
eee

dd
oo
rrr

q
qqq
gg





The active tab is tab 3
www
j
sss

lll
ee
u

b
zzz
pp

l
x
qq

j
ff
s





jj
d
vvv

sss
mm
u

rrr
yy
lll

kk
ppp
ccc

The active tab is tab 5
zzz
s
iii

ll
f
vvv

ss
k
nnn

uuu
ll
dd

bbb
e
cc





ee
tt
c

The active tab is tab 5
a
yyy
lll

p
sss
xx

yy
ss
rr

f
uu
hh





eee
aa
ll

fff
ee
jjj

e
sss
qqq

n
k
jjj

The active tab is tab 26




www
j
sss

lll
ee
u

b
zzz
pp

l
x
qq

j
ff
s





jj
d
vvv

sss
mm
u

rrr
yy
lll

kk
ppp
ccc

zzz
s
iii

ll
f
vvv

ss
k
nnn

uuu
ll
dd

bbb
e
cc





ee
tt
c

a
yyy
lll

p
sss
xx

yy
ss
rr

f
uu
hh





eee
aa
ll

fff
ee
jjj

e
sss
qqq

n
k
jjj

Window is empty
The list is empty.
Window is empty
The list is empty.
Window is empty
The list is empty.
The active tab is tab 0




The active tab is tab 0




The active tab is tab 0




The active tab is tab 0




The active tab is tab 0




The active tab is tab 0




The active tab is tab 3
















Window is empty
The list is empty.
Window is empty
The list is empty.
Window is empty
The list is empty.
The active tab is tab 0




The active tab is tab 0




The active tab is tab 1








The active tab is tab 1








The active tab is tab 0




The active tab is tab 0




The active tab is tab 1








The active tab is tab 0




The active tab is tab 0




The active tab is tab 0




The active tab is tab 1








The browser is empty
