The active tab is tab 3
r
ee
pp

xx
v
www

ddd
ff
ww





b
i
ttt

jj
ll
hhh

uu
ee
ii

qq
x
b

The active tab is tab 0




The active tab is tab 0
mmm
xxx
zz

kk
zz
c





q
ccc
j

ss
ww
ccc

sss
hhh
b

f
bb
pp

bbb
m
uuu

m
ii
y

oo
j
uuu

fff
n
d

The active tab is tab 4
l
ccc
e

pp
nnn
w

e
uuu
ii

s
iii
z





c
d
j

The active tab is tab 4




aaa
hh
uu

jjj
i
yyy

mmm
q
c

c
iii
ee

The active tab is tab 31




r
ee
pp

xx
v
www

ddd
ff
ww









mmm
xxx
zz

kk
zz
c





q
ccc
j

ss
ww
ccc

sss
hhh
b

f
bb
pp

bbb
m
uuu

m
ii
y

oo
j
uuu

fff
n
d

l
ccc
e

pp
nnn
w

e
uuu
ii

s
iii
z





c
d
j





aaa
hh
uu

jjj
i
yyy

mmm
q
c

c
iii
ee

b
i
ttt

jj
ll
hhh

uu
ee
ii

qq
x
b

The browser is empty
The browser is empty
The active tab is tab 0




The active tab is tab 0




The active tab is tab 0




The active tab is tab 0




The active tab is tab 0




The active tab is tab 0




Window is empty
The list is empty.
Window is empty
The list is empty.
The active tab is tab 0




The active tab is tab 0




The active tab is tab 0




The browser is empty
The active tab is tab 0




The active tab is tab 0




The active tab is tab 0




The active tab is tab 0




The active tab is tab 0




The active tab is tab 0




Window is empty
The list is empty.
The active tab is tab 0




The active tab is tab 0




Window is empty
The list is empty.
The active tab is tab 1








Window is empty
The list is empty.
Window is empty
The list is empty.
The active tab is tab 1








Window is empty
The list is empty.
Window is empty
The list is empty.
The active tab is tab 1








Window is empty
The list is empty.
Window is empty
The list is empty.
