The active tab is tab 32




jj
zz
o





dd
hh
d

ttt
k
mmm

xx
uu
zz

ww
ppp
cc

k
g
c

k
qqq
v





kk
uu
bbb

hhh
yy
e

z
ppp
e

hhh
yyy
e

o
ooo
zz

uu
q
d





z
ppp
e

qq
bb
ff

ii
jj
ii

ggg
ll
a

mm
jj
h

c
mmm
z

x
ii
bb

p
eee
mm

ddd
i
rrr

z
ppp
e

ppp
iii
pp

d
zz
c

v
d
mm

bbb
t
ii

qqq
r
d





Window is empty
The list is empty.
Window is empty
The list is empty.
Window is empty
The list is empty.
Window is empty
The list is empty.
The active tab is tab 0




The active tab is tab 32




jj
zz
o





dd
hh
d

ttt
k
mmm

xx
uu
zz

ww
ppp
cc

k
g
c

k
qqq
v





kk
uu
bbb

hhh
yy
e

z
ppp
e

hhh
yyy
e

o
ooo
zz

uu
q
d





z
ppp
e

qq
bb
ff

ii
jj
ii

ggg
ll
a

mm
jj
h

c
mmm
z

x
ii
bb

p
eee
mm

ddd
i
rrr

z
ppp
e

ppp
iii
pp

d
zz
c

v
d
mm

bbb
t
ii

qqq
r
d





Window is empty
The list is empty.
Window is empty
The list is empty.
Window is empty
The list is empty.
Window is empty
The list is empty.
The active tab is tab 0




The active tab is tab 32




jj
zz
o





dd
hh
d

ttt
k
mmm

xx
uu
zz

ww
ppp
cc

k
g
c

k
qqq
v





kk
uu
bbb

hhh
yy
e

z
ppp
e

hhh
yyy
e

o
ooo
zz

uu
q
d





z
ppp
e

qq
bb
ff

ii
jj
ii

ggg
ll
a

mm
jj
h

c
mmm
z

x
ii
bb

p
eee
mm

ddd
i
rrr

z
ppp
e

ppp
iii
pp

d
zz
c

v
d
mm

bbb
t
ii

qqq
r
d





Window is empty
The list is empty.
Window is empty
The list is empty.
Window is empty
The list is empty.
Window is empty
The list is empty.
The active tab is tab 0




The active tab is tab 32




jj
zz
o





dd
hh
d

ttt
k
mmm

xx
uu
zz

ww
ppp
cc

k
g
c

k
qqq
v





kk
uu
bbb

hhh
yy
e

z
ppp
e

hhh
yyy
e

o
ooo
zz

uu
q
d





z
ppp
e

qq
bb
ff

ii
jj
ii

ggg
ll
a

mm
jj
h

c
mmm
z

x
ii
bb

p
eee
mm

ddd
i
rrr

z
ppp
e

ppp
iii
pp

d
zz
c

v
d
mm

bbb
t
ii

qqq
r
d





Window is empty
The list is empty.
Window is empty
The list is empty.
Window is empty
The list is empty.
Window is empty
The list is empty.
The active tab is tab 0




Window is empty
The list is empty.
Window is empty
The list is empty.
Window is empty
The list is empty.
Window is empty
The list is empty.
Window is empty
The list is empty.
Window is empty
The list is empty.
The active tab is tab 0




The browser is empty
The browser is empty
The browser is empty
The active tab is tab 0




The active tab is tab 0




The active tab is tab 0




The browser is empty
The browser is empty
The active tab is tab 0




The active tab is tab 0




The active tab is tab 0




The active tab is tab 0




The active tab is tab 0




