The active tab is tab 0




The active tab is tab 30








bbb
e
f

yyy
xxx
ttt

w
bbb
ppp

ee
aaa
iii

ii
f
hhh

ff
hhh
uuu

j
ss
kk

yyy
e
zzz

d
ccc
tt

yyy
hh
b

p
xx
oo





zz
mm
k

f
qq
d

eee
aa
uu





a
b
a

z
ee
iii

eee
s
kk

o
ee
qq

r
aa
ww

zz
qq
iii

aa
uu
d

zzz
c
cc

ddd
ddd
aa

rr
kkk
pp

hhh
aa
ee





nnn
www
t

Window is empty
The list is empty.
Window is empty
The list is empty.
Window is empty
The list is empty.
Window is empty
The list is empty.
The active tab is tab 0




The active tab is tab 30








bbb
e
f

yyy
xxx
ttt

w
bbb
ppp

ee
aaa
iii

ii
f
hhh

ff
hhh
uuu

j
ss
kk

yyy
e
zzz

d
ccc
tt

yyy
hh
b

p
xx
oo





zz
mm
k

f
qq
d

eee
aa
uu





a
b
a

z
ee
iii

eee
s
kk

o
ee
qq

r
aa
ww

zz
qq
iii

aa
uu
d

zzz
c
cc

ddd
ddd
aa

rr
kkk
pp

hhh
aa
ee





nnn
www
t

Window is empty
The list is empty.
Window is empty
The list is empty.
Window is empty
The list is empty.
Window is empty
The list is empty.
The active tab is tab 0




The active tab is tab 0




The active tab is tab 30








bbb
e
f

yyy
xxx
ttt

w
bbb
ppp

ee
aaa
iii

ii
f
hhh

ff
hhh
uuu

j
ss
kk

yyy
e
zzz

d
ccc
tt

yyy
hh
b

p
xx
oo





zz
mm
k

f
qq
d

eee
aa
uu





a
b
a

z
ee
iii

eee
s
kk

o
ee
qq

r
aa
ww

zz
qq
iii

aa
uu
d

zzz
c
cc

ddd
ddd
aa

rr
kkk
pp

hhh
aa
ee





nnn
www
t

The active tab is tab 32
















bbb
e
f

yyy
xxx
ttt

w
bbb
ppp

ee
aaa
iii

ii
f
hhh

ff
hhh
uuu

j
ss
kk

yyy
e
zzz

d
ccc
tt

yyy
hh
b

p
xx
oo





zz
mm
k

f
qq
d

eee
aa
uu





a
b
a

z
ee
iii

eee
s
kk

o
ee
qq

r
aa
ww

zz
qq
iii

aa
uu
d

zzz
c
cc

ddd
ddd
aa

rr
kkk
pp

hhh
aa
ee





nnn
www
t

Window is empty
The list is empty.
Window is empty
The list is empty.
The active tab is tab 33




















bbb
e
f

yyy
xxx
ttt

w
bbb
ppp

ee
aaa
iii

ii
f
hhh

ff
hhh
uuu

j
ss
kk

yyy
e
zzz

d
ccc
tt

yyy
hh
b

p
xx
oo





zz
mm
k

f
qq
d

eee
aa
uu





a
b
a

z
ee
iii

eee
s
kk

o
ee
qq

r
aa
ww

zz
qq
iii

aa
uu
d

zzz
c
cc

ddd
ddd
aa

rr
kkk
pp

hhh
aa
ee





nnn
www
t

The active tab is tab 33




















bbb
e
f

yyy
xxx
ttt

w
bbb
ppp

ee
aaa
iii

ii
f
hhh

ff
hhh
uuu

j
ss
kk

yyy
e
zzz

d
ccc
tt

yyy
hh
b

p
xx
oo





zz
mm
k

f
qq
d

eee
aa
uu





a
b
a

z
ee
iii

eee
s
kk

o
ee
qq

r
aa
ww

zz
qq
iii

aa
uu
d

zzz
c
cc

ddd
ddd
aa

rr
kkk
pp

hhh
aa
ee





nnn
www
t

Window is empty
The list is empty.
Window is empty
The list is empty.
The browser is empty
The browser is empty
The browser is empty
The browser is empty
The browser is empty
The browser is empty
The browser is empty
The browser is empty
The active tab is tab 0




The browser is empty
