The active tab is tab 0




The active tab is tab 1
yyy
ttt
p

q
rr
w

l
t
g

lll
yy
j

ll
dd
fff

sss
u
z





nn
ttt
xxx

y
s
fff

q
o
gg

The active tab is tab 2
s
a
s

z
c
n





v
vv
hh

ff
k
ii

vv
mm
g

dd
ff
bbb

The active tab is tab 1
f
kk
u

q
f
q

pp
yyy
ll

ii
k
jj

x
w
bb

bb
fff
ppp





d
r
t

The active tab is tab 1
o
p
a

ooo
ww
tt

v
yy
ff





c
d
nnn

The active tab is tab 23








yyy
ttt
p

q
rr
w

l
t
g

lll
yy
j

ll
dd
fff

sss
u
z





nn
ttt
xxx

y
s
fff

q
o
gg

s
a
s

z
c
n





v
vv
hh

ff
k
ii

vv
mm
g

dd
ff
bbb

o
p
a

ooo
ww
tt

v
yy
ff





c
d
nnn

Window is empty
The list is empty.
Window is empty
The list is empty.
Window is empty
The list is empty.
Window is empty
The list is empty.
Window is empty
The list is empty.
Window is empty
The list is empty.
Window is empty
The list is empty.
Window is empty
The list is empty.
The active tab is tab 0




The browser is empty
The active tab is tab 0




The active tab is tab 1








Window is empty
The list is empty.
The active tab is tab 0




The active tab is tab 1








Window is empty
The list is empty.
The active tab is tab 0




The active tab is tab 1








The active tab is tab 0




The active tab is tab 1








The active tab is tab 0




The active tab is tab 1








Window is empty
The list is empty.
The browser is empty
The active tab is tab 0




