The active tab is tab 0




The active tab is tab 0




The active tab is tab 0




The active tab is tab 1








The active tab is tab 0




The active tab is tab 1








The browser is empty
The browser is empty
The browser is empty
The browser is empty
The browser is empty
The browser is empty
The active tab is tab 0




The browser is empty
The browser is empty
The browser is empty
The browser is empty
The active tab is tab 2












Window is empty
The list is empty.
