The active tab is tab 0




The active tab is tab 1
uuu
g
y

w
rr
ll





oo
l
yy

tt
qq
nn

qq
m
vv

zzz
ooo
www

ccc
ss
fff

ss
ww
y

bb
iii
bbb

The active tab is tab 1




rr
t
rr

oo
iii
bb

xxx
ppp
nn

The active tab is tab 1
hh
nnn
ggg

nnn
tt
zzz





b
yyy
s

rrr
nn
kkk

gg
p
jjj

t
ll
bb

The active tab is tab 1
nnn
oo
nnn





t
z
i

z
ss
ii

rr
cc
v

vvv
uuu
rrr

q
uu
ff

s
ii
iii

b
ff
sss

The active tab is tab 30




uuu
g
y

w
rr
ll





oo
l
yy

tt
qq
nn

qq
m
vv

zzz
ooo
www

ccc
ss
fff

ss
ww
y

bb
iii
bbb





rr
t
rr

oo
iii
bb

xxx
ppp
nn

hh
nnn
ggg

nnn
tt
zzz





b
yyy
s

rrr
nn
kkk

gg
p
jjj

t
ll
bb

nnn
oo
nnn





t
z
i

z
ss
ii

rr
cc
v

vvv
uuu
rrr

q
uu
ff

s
ii
iii

b
ff
sss

Window is empty
The list is empty.
Window is empty
The list is empty.
Window is empty
The list is empty.
Window is empty
The list is empty.
The browser is empty
The active tab is tab 0




The active tab is tab 0




The active tab is tab 0




The active tab is tab 0




The active tab is tab 0




The active tab is tab 0




The active tab is tab 0




The active tab is tab 0




The active tab is tab 0




The active tab is tab 0




The active tab is tab 0




The active tab is tab 3
















Window is empty
The list is empty.
Window is empty
The list is empty.
The active tab is tab 6




























Window is empty
The list is empty.
Window is empty
The list is empty.
Window is empty
The list is empty.
Window is empty
The list is empty.
Window is empty
The list is empty.
Window is empty
The list is empty.
Window is empty
The list is empty.
Window is empty
The list is empty.
Window is empty
The list is empty.
Window is empty
The list is empty.
The active tab is tab 0




The active tab is tab 0




The active tab is tab 0




The active tab is tab 0




The active tab is tab 2












The active tab is tab 0




The active tab is tab 2












The active tab is tab 0




The active tab is tab 2












