The active tab is tab 33












t
ee
gg

xxx
kk
jjj

bb
m
aa

yyy
iii
fff

e
qqq
ff

tt
sss
i

ccc
jjj
i

jjj
d
ff

t
ee
gg

nnn
rr
l





x
a
vv

q
f
k

k
lll
eee

pp
w
sss





g
y
e

y
p
lll

rrr
zz
z

t
ee
gg

dd
sss
cc

zz
ww
rr

aa
ddd
cc

sss
nn
rr

kk
ddd
y

c
kk
vv

k
nnn
rrr





q
kkk
u

oo
nn
rr

iii
kkk
a

Window is empty
The list is empty.
Window is empty
The list is empty.
Window is empty
The list is empty.
Window is empty
The list is empty.
Window is empty
The list is empty.
The active tab is tab 0




The active tab is tab 0




The active tab is tab 0




The active tab is tab 0




The active tab is tab 0




The active tab is tab 2












Window is empty
The list is empty.
Window is empty
The list is empty.
The active tab is tab 0




The active tab is tab 0




The active tab is tab 0




The active tab is tab 0




The active tab is tab 0




The active tab is tab 0




The active tab is tab 0




The active tab is tab 0




The active tab is tab 0




The active tab is tab 1








The active tab is tab 0




The active tab is tab 0




The active tab is tab 0




