The active tab is tab 0




The active tab is tab 1
ppp
mm
xxx

mm
o
yyy

fff
ttt
e





e
w
hh

h
kkk
g

ss
rr
m

The active tab is tab 1




sss
sss
nn

ee
nn
nnn

fff
jjj
hh

c
l
bb

z
p
ww

ii
p
qq

pp
r
ll

The active tab is tab 1
sss
sss
nn

uu
qq
t

hh
z
c





ccc
y
pp

www
qq
mmm

bb
ggg
ww

o
uu
dd

The active tab is tab 1




cc
u
cc

zz
ddd
y

nnn
rrr
vvv

ggg
rrr
a

fff
rr
v

m
i
mmm

tt
iii
aaa

Window is empty
The list is empty.
Window is empty
The list is empty.
Window is empty
The list is empty.
Window is empty
The list is empty.
Window is empty
The list is empty.
Window is empty
The list is empty.
Window is empty
The list is empty.
Window is empty
The list is empty.
The active tab is tab 0




Window is empty
The list is empty.
Window is empty
The list is empty.
Window is empty
The list is empty.
The browser is empty
The active tab is tab 0




The active tab is tab 0




The active tab is tab 0




The active tab is tab 0




The active tab is tab 0




The active tab is tab 0




The active tab is tab 0




The active tab is tab 0




The active tab is tab 0




The active tab is tab 1








Window is empty
The list is empty.
The active tab is tab 1








The active tab is tab 1








The active tab is tab 2












The active tab is tab 0




The active tab is tab 2












The active tab is tab 0




The active tab is tab 2












The active tab is tab 0




The active tab is tab 2












The active tab is tab 4




















Window is empty
The list is empty.
Window is empty
The list is empty.
The active tab is tab 0




The active tab is tab 0




The active tab is tab 0




The active tab is tab 0




