The active tab is tab 0




The active tab is tab 0




The active tab is tab 0




The active tab is tab 1
e
sss
jj





k
v
ttt

qq
oo
r

jjj
mm
c

z
zzz
i

aa
v
h

The active tab is tab 5
ccc
kk
pp





iii
tt
g

ooo
aa
oo

gg
ppp
ddd

c
g
ii

uu
cc
dd

The active tab is tab 5
b
n
ddd





pp
gg
eee

l
eee
s

m
uuu
t

ff
sss
m

y
zzz
iii

q
qq
zzz

fff
b
z

The active tab is tab 0
dd
oo
bb

ee
uuu
kk

u
vvv
lll





ccc
ppp
hhh

h
ddd
v

nnn
c
vvv

Window is empty
The list is empty.
Window is empty
The list is empty.
Window is empty
The list is empty.
Window is empty
The list is empty.
Window is empty
The list is empty.
The browser is empty
The browser is empty
The browser is empty
The active tab is tab 0




The browser is empty
The active tab is tab 0




The active tab is tab 0




The active tab is tab 1








Window is empty
The list is empty.
The active tab is tab 0




The active tab is tab 1








Window is empty
The list is empty.
The active tab is tab 2












Window is empty
The list is empty.
Window is empty
The list is empty.
Window is empty
The list is empty.
The active tab is tab 2












Window is empty
The list is empty.
Window is empty
The list is empty.
The active tab is tab 2












Window is empty
The list is empty.
The active tab is tab 0




