The active tab is tab 0




The active tab is tab 1
ddd
yy
fff

d
aaa
h

u
u
b

cc
ll
dd





q
oo
c

The active tab is tab 0




The active tab is tab 0
ss
jj
iii

j
sss
r

q
zz
qqq

lll
ww
ooo





y
y
uu

nn
ff
d

iii
w
uu

u
pp
e

uu
ll
eee

The active tab is tab 1
jj
iii
tt

g
ll
xxx

vv
hhh
s

sss
uu
q

ooo
uu
ee

dd
ggg
h

uu
sss
jj





The active tab is tab 0
zz
xxx
p





mmm
j
dd

qqq
x
v

t
ee
oo

gg
j
y

y
y
uu

The active tab is tab 0
ss
jj
iii

j
sss
r

q
zz
qqq

lll
ww
ooo





y
y
uu

nn
ff
d

iii
w
uu

u
pp
e

uu
ll
eee

The active tab is tab 0




The active tab is tab 0




The active tab is tab 1
ddd
yy
fff

d
aaa
h

u
u
b

cc
ll
dd





q
oo
c

The active tab is tab 0




The active tab is tab 1
jj
iii
tt

g
ll
xxx

vv
hhh
s

sss
uu
q

ooo
uu
ee

dd
ggg
h

uu
sss
jj





The active tab is tab 0
zz
xxx
p





mmm
j
dd

qqq
x
v

t
ee
oo

gg
j
y

y
y
uu

The active tab is tab 34




ss
jj
iii

j
sss
r

q
zz
qqq

lll
ww
ooo





y
y
uu

nn
ff
d

iii
w
uu

u
pp
e

uu
ll
eee









ddd
yy
fff

d
aaa
h

u
u
b

cc
ll
dd





q
oo
c





jj
iii
tt

g
ll
xxx

vv
hhh
s

sss
uu
q

ooo
uu
ee

dd
ggg
h

uu
sss
jj





zz
xxx
p





mmm
j
dd

qqq
x
v

t
ee
oo

gg
j
y

y
y
uu

Window is empty
The list is empty.
Window is empty
The list is empty.
Window is empty
The list is empty.
Window is empty
The list is empty.
Window is empty
The list is empty.
Window is empty
The list is empty.
Window is empty
The list is empty.
The active tab is tab 34




ss
jj
iii

j
sss
r

q
zz
qqq

lll
ww
ooo





y
y
uu

nn
ff
d

iii
w
uu

u
pp
e

uu
ll
eee









ddd
yy
fff

d
aaa
h

u
u
b

cc
ll
dd





q
oo
c





jj
iii
tt

g
ll
xxx

vv
hhh
s

sss
uu
q

ooo
uu
ee

dd
ggg
h

uu
sss
jj





zz
xxx
p





mmm
j
dd

qqq
x
v

t
ee
oo

gg
j
y

y
y
uu

The active tab is tab 0




The active tab is tab 2












Window is empty
The list is empty.
Window is empty
The list is empty.
The active tab is tab 2












The browser is empty
The active tab is tab 0




The active tab is tab 0




The active tab is tab 0




The active tab is tab 0




The active tab is tab 0




The active tab is tab 0




The active tab is tab 0




The active tab is tab 0




The active tab is tab 0




The active tab is tab 0




The browser is empty
The browser is empty
The active tab is tab 0




