The active tab is tab 0




The active tab is tab 0




The active tab is tab 1
f
vvv
j

g
jjj
pp

z
ee
y





ttt
yy
xxx

bb
c
xxx

rrr
s
ll

c
nn
zz

The active tab is tab 1
sss
n
kk

i
hhh
dd





zz
p
hh

dd
rr
c

iii
jj
o

s
jj
ttt

The active tab is tab 1
i
eee
u

iii
d
dd

nnn
h
j

yy
bbb
b

w
qq
ccc

yy
f
ii

bb
fff
jj





i
xx
x

The active tab is tab 1
ttt
kkk
f

ww
b
www





ooo
qq
gg

a
ccc
g

cc
oo
vvv

The active tab is tab 31








f
vvv
j

g
jjj
pp

z
ee
y





ttt
yy
xxx

bb
c
xxx

rrr
s
ll

c
nn
zz

sss
n
kk

i
hhh
dd





zz
p
hh

dd
rr
c

iii
jj
o

s
jj
ttt

i
eee
u

iii
d
dd

nnn
h
j

yy
bbb
b

w
qq
ccc

yy
f
ii

bb
fff
jj





i
xx
x

ttt
kkk
f

ww
b
www





ooo
qq
gg

a
ccc
g

cc
oo
vvv

The active tab is tab 31








f
vvv
j

g
jjj
pp

z
ee
y





ttt
yy
xxx

bb
c
xxx

rrr
s
ll

c
nn
zz

sss
n
kk

i
hhh
dd





zz
p
hh

dd
rr
c

iii
jj
o

s
jj
ttt

i
eee
u

iii
d
dd

nnn
h
j

yy
bbb
b

w
qq
ccc

yy
f
ii

bb
fff
jj





i
xx
x

ttt
kkk
f

ww
b
www





ooo
qq
gg

a
ccc
g

cc
oo
vvv

The active tab is tab 31








f
vvv
j

g
jjj
pp

z
ee
y





ttt
yy
xxx

bb
c
xxx

rrr
s
ll

c
nn
zz

sss
n
kk

i
hhh
dd





zz
p
hh

dd
rr
c

iii
jj
o

s
jj
ttt

i
eee
u

iii
d
dd

nnn
h
j

yy
bbb
b

w
qq
ccc

yy
f
ii

bb
fff
jj





i
xx
x

ttt
kkk
f

ww
b
www





ooo
qq
gg

a
ccc
g

cc
oo
vvv

The active tab is tab 31








f
vvv
j

g
jjj
pp

z
ee
y





ttt
yy
xxx

bb
c
xxx

rrr
s
ll

c
nn
zz

sss
n
kk

i
hhh
dd





zz
p
hh

dd
rr
c

iii
jj
o

s
jj
ttt

i
eee
u

iii
d
dd

nnn
h
j

yy
bbb
b

w
qq
ccc

yy
f
ii

bb
fff
jj





i
xx
x

ttt
kkk
f

ww
b
www





ooo
qq
gg

a
ccc
g

cc
oo
vvv

The browser is empty
The browser is empty
The browser is empty
The browser is empty
The browser is empty
The active tab is tab 0




The active tab is tab 0




The active tab is tab 2












Window is empty
The list is empty.
Window is empty
The list is empty.
The active tab is tab 0




The active tab is tab 2












The active tab is tab 0




The active tab is tab 4




















Window is empty
The list is empty.
Window is empty
The list is empty.
The active tab is tab 6




























The active tab is tab 6




























The active tab is tab 6




























The active tab is tab 6




























