The active tab is tab 0




The active tab is tab 4




bbb
aaa
ff

qq
aaa
t

rrr
a
kkk

h
ee
k

yyy
lll
m

vvv
jjj
k

w
uu
ccc

x
d
qq

ff
kkk
rrr

The active tab is tab 4
ff
kk
bb

vvv
zzz
aaa





rrr
l
iii

ggg
rr
i

jjj
qq
iii

xxx
m
rr

The active tab is tab 4
zzz
sss
t

v
aaa
jj

hhh
eee
hhh

tt
n
ss

oo
hhh
oo





iii
pp
t

hh
jjj
k

The active tab is tab 0
z
uuu
h

ppp
hh
ggg

xxx
bbb
qq





zzz
b
u

The active tab is tab 0




The active tab is tab 4




bbb
aaa
ff

qq
aaa
t

rrr
a
kkk

h
ee
k

yyy
lll
m

vvv
jjj
k

w
uu
ccc

x
d
qq

ff
kkk
rrr

The active tab is tab 4
ff
kk
bb

vvv
zzz
aaa





rrr
l
iii

ggg
rr
i

jjj
qq
iii

xxx
m
rr

The active tab is tab 4
zzz
sss
t

v
aaa
jj

hhh
eee
hhh

tt
n
ss

oo
hhh
oo





iii
pp
t

hh
jjj
k

The active tab is tab 0
z
uuu
h

ppp
hh
ggg

xxx
bbb
qq





zzz
b
u

The active tab is tab 0




The active tab is tab 0




The active tab is tab 4




bbb
aaa
ff

qq
aaa
t

rrr
a
kkk

h
ee
k

yyy
lll
m

vvv
jjj
k

w
uu
ccc

x
d
qq

ff
kkk
rrr

The active tab is tab 4
ff
kk
bb

vvv
zzz
aaa





rrr
l
iii

ggg
rr
i

jjj
qq
iii

xxx
m
rr

The active tab is tab 4
zzz
sss
t

v
aaa
jj

hhh
eee
hhh

tt
n
ss

oo
hhh
oo





iii
pp
t

hh
jjj
k

The active tab is tab 0
z
uuu
h

ppp
hh
ggg

xxx
bbb
qq





zzz
b
u

The active tab is tab 0




The active tab is tab 0




The active tab is tab 4




bbb
aaa
ff

qq
aaa
t

rrr
a
kkk

h
ee
k

yyy
lll
m

vvv
jjj
k

w
uu
ccc

x
d
qq

ff
kkk
rrr

The active tab is tab 4
ff
kk
bb

vvv
zzz
aaa





rrr
l
iii

ggg
rr
i

jjj
qq
iii

xxx
m
rr

The active tab is tab 4
zzz
sss
t

v
aaa
jj

hhh
eee
hhh

tt
n
ss

oo
hhh
oo





iii
pp
t

hh
jjj
k

The active tab is tab 0
z
uuu
h

ppp
hh
ggg

xxx
bbb
qq





zzz
b
u

The active tab is tab 31












bbb
aaa
ff

qq
aaa
t

rrr
a
kkk

h
ee
k

yyy
lll
m

vvv
jjj
k

w
uu
ccc

x
d
qq

ff
kkk
rrr

ff
kk
bb

vvv
zzz
aaa





rrr
l
iii

ggg
rr
i

jjj
qq
iii

xxx
m
rr

zzz
sss
t

v
aaa
jj

hhh
eee
hhh

tt
n
ss

oo
hhh
oo





iii
pp
t

hh
jjj
k

z
uuu
h

ppp
hh
ggg

xxx
bbb
qq





zzz
b
u

Window is empty
The list is empty.
Window is empty
The list is empty.
Window is empty
The list is empty.
Window is empty
The list is empty.
Window is empty
The list is empty.
The active tab is tab 0




The active tab is tab 0




Window is empty
The list is empty.
Window is empty
The list is empty.
Window is empty
The list is empty.
Window is empty
The list is empty.
Window is empty
The list is empty.
The active tab is tab 0




The active tab is tab 0




Window is empty
The list is empty.
Window is empty
The list is empty.
Window is empty
The list is empty.
Window is empty
The list is empty.
Window is empty
The list is empty.
The active tab is tab 0




The active tab is tab 0




The active tab is tab 0




The active tab is tab 0




The browser is empty
The browser is empty
The browser is empty
The browser is empty
The browser is empty
The browser is empty
The browser is empty
The browser is empty
The browser is empty
The browser is empty
The active tab is tab 0




The active tab is tab 0




Window is empty
The list is empty.
Window is empty
The list is empty.
The browser is empty
The browser is empty
The browser is empty
