The active tab is tab 0




The active tab is tab 0




The browser is empty
The active tab is tab 0




The active tab is tab 0




The active tab is tab 1








The active tab is tab 1








The active tab is tab 1








The active tab is tab 1








The active tab is tab 4




















The active tab is tab 5
























Window is empty
The list is empty.
The active tab is tab 5
























Window is empty
The list is empty.
The active tab is tab 0




The active tab is tab 0




The active tab is tab 0




The active tab is tab 0




The active tab is tab 0




The browser is empty
