The active tab is tab 0




The active tab is tab 0




The active tab is tab 0




The active tab is tab 0




The active tab is tab 0




The active tab is tab 0




The active tab is tab 3
















Window is empty
The list is empty.
Window is empty
The list is empty.
Window is empty
The list is empty.
The active tab is tab 0




The active tab is tab 0




The active tab is tab 3
















Window is empty
The list is empty.
Window is empty
The list is empty.
Window is empty
The list is empty.
The active tab is tab 0




The active tab is tab 0




The active tab is tab 3
















The browser is empty
The browser is empty
The browser is empty
The browser is empty
The browser is empty
