The active tab is tab 0




The active tab is tab 1
zzz
nnn
v

ee
ggg
ooo

ccc
e
r





k
aaa
oo

j
uu
bb

The active tab is tab 5
l
ccc
ff

gg
aa
sss

cc
uuu
vvv

jjj
rr
z

s
v
jj





zzz
g
ee

tt
r
hh

ii
qqq
bb

The active tab is tab 1
ff
cc
www





hhh
xx
vv

c
yyy
bb

i
tt
qq

hhh
ddd
q

h
ff
vvv

nnn
q
cc

The active tab is tab 5




m
jjj
y

ww
rrr
zzz

uu
b
bbb

a
ggg
zzz

mmm
u
yy

kkk
ss
aaa

The active tab is tab 30




zzz
nnn
v

ee
ggg
ooo

ccc
e
r





k
aaa
oo

j
uu
bb

l
ccc
ff

gg
aa
sss

cc
uuu
vvv

jjj
rr
z

s
v
jj





zzz
g
ee

tt
r
hh

ii
qqq
bb

ff
cc
www





hhh
xx
vv

c
yyy
bb

i
tt
qq

hhh
ddd
q

h
ff
vvv

nnn
q
cc





m
jjj
y

ww
rrr
zzz

uu
b
bbb

a
ggg
zzz

mmm
u
yy

kkk
ss
aaa

Window is empty
The list is empty.
Window is empty
The list is empty.
Window is empty
The list is empty.
Window is empty
The list is empty.
The active tab is tab 30




zzz
nnn
v

ee
ggg
ooo

ccc
e
r





k
aaa
oo

j
uu
bb

l
ccc
ff

gg
aa
sss

cc
uuu
vvv

jjj
rr
z

s
v
jj





zzz
g
ee

tt
r
hh

ii
qqq
bb

ff
cc
www





hhh
xx
vv

c
yyy
bb

i
tt
qq

hhh
ddd
q

h
ff
vvv

nnn
q
cc





m
jjj
y

ww
rrr
zzz

uu
b
bbb

a
ggg
zzz

mmm
u
yy

kkk
ss
aaa

The active tab is tab 30




zzz
nnn
v

ee
ggg
ooo

ccc
e
r





k
aaa
oo

j
uu
bb

l
ccc
ff

gg
aa
sss

cc
uuu
vvv

jjj
rr
z

s
v
jj





zzz
g
ee

tt
r
hh

ii
qqq
bb

ff
cc
www





hhh
xx
vv

c
yyy
bb

i
tt
qq

hhh
ddd
q

h
ff
vvv

nnn
q
cc





m
jjj
y

ww
rrr
zzz

uu
b
bbb

a
ggg
zzz

mmm
u
yy

kkk
ss
aaa

The active tab is tab 30




zzz
nnn
v

ee
ggg
ooo

ccc
e
r





k
aaa
oo

j
uu
bb

l
ccc
ff

gg
aa
sss

cc
uuu
vvv

jjj
rr
z

s
v
jj





zzz
g
ee

tt
r
hh

ii
qqq
bb

ff
cc
www





hhh
xx
vv

c
yyy
bb

i
tt
qq

hhh
ddd
q

h
ff
vvv

nnn
q
cc





m
jjj
y

ww
rrr
zzz

uu
b
bbb

a
ggg
zzz

mmm
u
yy

kkk
ss
aaa

The active tab is tab 3
















Window is empty
The list is empty.
Window is empty
The list is empty.
Window is empty
The list is empty.
The active tab is tab 0




The browser is empty
The active tab is tab 0




The active tab is tab 0




The active tab is tab 0




The active tab is tab 0




The active tab is tab 0




The active tab is tab 0




The active tab is tab 0




The active tab is tab 0




The browser is empty
The browser is empty
The browser is empty
The browser is empty
The browser is empty
The browser is empty
The browser is empty
