The active tab is tab 32








m
r
v

ll
ii
ppp

zzz
ttt
www

eee
mm
f

cc
l
z

nn
l
ss





ppp
l
uuu

qq
aaa
qq





r
kk
x

h
oo
cc

tt
zz
bbb

jjj
ll
rr

nn
w
ooo

uu
ttt
qqq





zz
rrr
fff

ii
www
xx

ttt
bbb
bbb

s
vv
lll

w
sss
x

vvv
fff
r

a
a
ppp

t
ff
n





z
vvv
x

q
gg
e

zz
rrr
fff

ss
ooo
q

m
aa
q

Window is empty
The list is empty.
Window is empty
The list is empty.
Window is empty
The list is empty.
Window is empty
The list is empty.
Window is empty
The list is empty.
The active tab is tab 0




The active tab is tab 33












m
r
v

ll
ii
ppp

zzz
ttt
www

eee
mm
f

cc
l
z

nn
l
ss





ppp
l
uuu

qq
aaa
qq





r
kk
x

h
oo
cc

tt
zz
bbb

jjj
ll
rr

nn
w
ooo

uu
ttt
qqq





zz
rrr
fff

ii
www
xx

ttt
bbb
bbb

s
vv
lll

w
sss
x

vvv
fff
r

a
a
ppp

t
ff
n





z
vvv
x

q
gg
e

zz
rrr
fff

ss
ooo
q

m
aa
q

The active tab is tab 0




The active tab is tab 33












m
r
v

ll
ii
ppp

zzz
ttt
www

eee
mm
f

cc
l
z

nn
l
ss





ppp
l
uuu

qq
aaa
qq





r
kk
x

h
oo
cc

tt
zz
bbb

jjj
ll
rr

nn
w
ooo

uu
ttt
qqq





zz
rrr
fff

ii
www
xx

ttt
bbb
bbb

s
vv
lll

w
sss
x

vvv
fff
r

a
a
ppp

t
ff
n





z
vvv
x

q
gg
e

zz
rrr
fff

ss
ooo
q

m
aa
q

The active tab is tab 33












m
r
v

ll
ii
ppp

zzz
ttt
www

eee
mm
f

cc
l
z

nn
l
ss





ppp
l
uuu

qq
aaa
qq





r
kk
x

h
oo
cc

tt
zz
bbb

jjj
ll
rr

nn
w
ooo

uu
ttt
qqq





zz
rrr
fff

ii
www
xx

ttt
bbb
bbb

s
vv
lll

w
sss
x

vvv
fff
r

a
a
ppp

t
ff
n





z
vvv
x

q
gg
e

zz
rrr
fff

ss
ooo
q

m
aa
q

The active tab is tab 33












m
r
v

ll
ii
ppp

zzz
ttt
www

eee
mm
f

cc
l
z

nn
l
ss





ppp
l
uuu

qq
aaa
qq





r
kk
x

h
oo
cc

tt
zz
bbb

jjj
ll
rr

nn
w
ooo

uu
ttt
qqq





zz
rrr
fff

ii
www
xx

ttt
bbb
bbb

s
vv
lll

w
sss
x

vvv
fff
r

a
a
ppp

t
ff
n





z
vvv
x

q
gg
e

zz
rrr
fff

ss
ooo
q

m
aa
q

The active tab is tab 0




The active tab is tab 0




The active tab is tab 0




The active tab is tab 0




The active tab is tab 0




The browser is empty
The active tab is tab 0




The active tab is tab 0




The active tab is tab 0




The active tab is tab 0




The active tab is tab 0




The active tab is tab 0




The active tab is tab 0




The active tab is tab 0




Window is empty
The list is empty.
The browser is empty
The browser is empty
The active tab is tab 0




