The active tab is tab 1
ddd
uu
n

a
kk
oo

tt
k
hhh





hhh
lll
m

The active tab is tab 0




The active tab is tab 0




The active tab is tab 0




The active tab is tab 1
eee
z
yyy

aa
rr
bbb





kkk
x
ooo

s
yy
cc

l
kk
ww

i
qq
j

The active tab is tab 2
k
y
rr

v
o
qqq





xxx
yyy
uu

gg
iii
v

xx
xxx
k

xx
dd
hh

uu
j
qq

e
ww
p

The active tab is tab 1




w
w
dd

ll
qqq
k

eee
e
vv

g
www
ooo

cc
v
o

y
q
ss

p
ww
bbb

kkk
w
jj

The active tab is tab 0




The active tab is tab 0




The active tab is tab 1








The active tab is tab 0




The active tab is tab 0




The active tab is tab 1








Window is empty
The list is empty.
Window is empty
The list is empty.
Window is empty
The list is empty.
Window is empty
The list is empty.
The browser is empty
The browser is empty
The browser is empty
The browser is empty
The active tab is tab 0




The active tab is tab 0




The active tab is tab 0




The active tab is tab 0




The active tab is tab 0




The active tab is tab 0




