The active tab is tab 31








ee
qq
zzz

jj
rrr
fff





vvv
d
www

sss
bb
k





xxx
x
qqq

o
ee
hhh

c
hhh
www

v
ddd
k

rr
h
yyy

jj
pp
p

w
n
p

nnn
rrr
i





dd
hhh
nn

v
kk
jj

ee
i
yyy

hhh
bb
hh

rrr
kkk
t

pp
sss
ccc

h
ggg
mm





e
hhh
rrr

ccc
q
aaa

rrr
ww
zzz

c
tt
iii

ee
uu
q

w
kk
vv

yyy
nn
f

The active tab is tab 36




























ee
qq
zzz

jj
rrr
fff





vvv
d
www

sss
bb
k





xxx
x
qqq

o
ee
hhh

c
hhh
www

v
ddd
k

rr
h
yyy

jj
pp
p

w
n
p

nnn
rrr
i





dd
hhh
nn

v
kk
jj

ee
i
yyy

hhh
bb
hh

rrr
kkk
t

pp
sss
ccc

h
ggg
mm





e
hhh
rrr

ccc
q
aaa

rrr
ww
zzz

c
tt
iii

ee
uu
q

w
kk
vv

yyy
nn
f

The active tab is tab 0




The active tab is tab 0




The browser is empty
The active tab is tab 1








The active tab is tab 0




The active tab is tab 1








The active tab is tab 0




The active tab is tab 1








The active tab is tab 0




The active tab is tab 1








