The active tab is tab 0




The active tab is tab 2
v
p
ttt





dd
ttt
ddd

uu
aa
pp

o
rrr
qqq

bb
hh
ggg

c
zzz
nnn

The active tab is tab 5
h
dd
yy

ooo
iii
b





ll
fff
ttt

hh
g
h

rrr
d
mm

w
pp
xx

eee
b
xxx

dd
ll
x

ppp
nn
ccc

The active tab is tab 2
kk
r
e





ggg
kk
ff

xx
bbb
ss

rrr
d
mm

q
yyy
g

o
r
h

a
ggg
nnn

The active tab is tab 2
s
aa
p

ii
ss
g

rrr
qqq
r





o
gg
q

t
dd
w

The active tab is tab 0




The active tab is tab 2
v
p
ttt





dd
ttt
ddd

uu
aa
pp

o
rrr
qqq

bb
hh
ggg

c
zzz
nnn

The active tab is tab 5
h
dd
yy

ooo
iii
b





ll
fff
ttt

hh
g
h

rrr
d
mm

w
pp
xx

eee
b
xxx

dd
ll
x

ppp
nn
ccc

The active tab is tab 2
kk
r
e





ggg
kk
ff

xx
bbb
ss

rrr
d
mm

q
yyy
g

o
r
h

a
ggg
nnn

The active tab is tab 2
s
aa
p

ii
ss
g

rrr
qqq
r





o
gg
q

t
dd
w

The browser is empty
The browser is empty
The active tab is tab 1








Window is empty
The list is empty.
Window is empty
The list is empty.
The browser is empty
The active tab is tab 0




The active tab is tab 0




The active tab is tab 1








Window is empty
The list is empty.
The browser is empty
The browser is empty
The active tab is tab 0




The browser is empty
The browser is empty
The browser is empty
The browser is empty
The browser is empty
The browser is empty
